[    4660ms] [ERROR] The Content Security Policy directive 'upgrade-insecure-requests' is ignored when delivered in a report-only policy. @ https://hubss-website-git-staging-based-agency.vercel.app/catalogue:0
[    4667ms] [INFO] Loading the script 'https://vercel.live/_next-live/feedback/feedback.js' violates the following Content Security Policy directive: "script-src 'self' 'unsafe-inline' 'unsafe-eval' https://client.crisp.chat https://*.vercel-scripts.com https://*.vercel-insights.com https://va.vercel-scripts.com". Note that 'script-src-elem' was not explicitly set, so 'script-src' is used as a fallback. The policy is report-only, so the violation has been logged but no further action has been taken. @ https://hubss-website-git-staging-based-agency.vercel.app/catalogue:0
[    4667ms] [INFO] Loading the script 'https://www.googletagmanager.com/gtag/js?id=G-7YSFCGRL5E' violates the following Content Security Policy directive: "script-src 'self' 'unsafe-inline' 'unsafe-eval' https://client.crisp.chat https://*.vercel-scripts.com https://*.vercel-insights.com https://va.vercel-scripts.com". Note that 'script-src-elem' was not explicitly set, so 'script-src' is used as a fallback. The policy is report-only, so the violation has been logged but no further action has been taken. @ https://hubss-website-git-staging-based-agency.vercel.app/catalogue:0
[    4710ms] [INFO] Loading the script 'https://vercel.live/_next-live/feedback/feedback.js' violates the following Content Security Policy directive: "script-src 'self' 'unsafe-inline' 'unsafe-eval' https://client.crisp.chat https://*.vercel-scripts.com https://*.vercel-insights.com https://va.vercel-scripts.com". Note that 'script-src-elem' was not explicitly set, so 'script-src' is used as a fallback. The policy is report-only, so the violation has been logged but no further action has been taken. @ https://hubss-website-git-staging-based-agency.vercel.app/_next/static/chunks/turbopack-442f8f93886ad1b1.js:4
[    4732ms] [INFO] Loading the script 'https://vercel.live/_next-live/feedback/feedback.js' violates the following Content Security Policy directive: "script-src 'self' 'unsafe-inline' 'unsafe-eval' https://client.crisp.chat https://*.vercel-scripts.com https://*.vercel-insights.com https://va.vercel-scripts.com". Note that 'script-src-elem' was not explicitly set, so 'script-src' is used as a fallback. The policy is report-only, so the violation has been logged but no further action has been taken. @ https://hubss-website-git-staging-based-agency.vercel.app/_next/static/chunks/c6b2a408cc69f390.js:0
[    4733ms] [INFO] Loading the script 'https://www.googletagmanager.com/gtag/js?id=G-7YSFCGRL5E' violates the following Content Security Policy directive: "script-src 'self' 'unsafe-inline' 'unsafe-eval' https://client.crisp.chat https://*.vercel-scripts.com https://*.vercel-insights.com https://va.vercel-scripts.com". Note that 'script-src-elem' was not explicitly set, so 'script-src' is used as a fallback. The policy is report-only, so the violation has been logged but no further action has been taken. @ https://hubss-website-git-staging-based-agency.vercel.app/_next/static/chunks/c6b2a408cc69f390.js:0
[    4920ms] [INFO] Connecting to 'https://www.google-analytics.com/g/collect?v=2&tid=G-7YSFCGRL5E&gtm=45je65t1v889893537za200zd889893537&_p=1780366059061&gcd=13l3l3l3l1l1&npa=0&dma=0&_eu=AAAAAAQ&are=1&cid=481124722.1779996233&frm=0&pscdl=noapi&rcb=6&sr=2560x1080&uaa=x86&uab=64&uafvl=Chromium%3B148.0.7778.181%7CGoogle%2520Chrome%3B148.0.7778.181%7CNot%252FA)Brand%3B99.0.0.0&uam=&uamb=0&uap=Windows&uapv=19.0.0&uaw=0&ul=en-gb&_s=1&tag_exp=0~115616986~115938466~115938469~117776794~118012008~119027222&sid=1780366059&sct=3&seg=0&dl=https%3A%2F%2Fhubss-website-git-staging-based-agency.vercel.app%2Fcatalogue&dt=Catalogue%202026%20%E2%80%94%20HUB%20Surface%20Systems%20%7C%20HUB%20Surface%20Systems&en=page_view&_ss=1&_ee=1&tfd=4916' violates the following Content Security Policy directive: "connect-src 'self' https://api.resend.com https://*.crisp.chat wss://*.crisp.chat https://*.vercel-insights.com https://va.vercel-scripts.com https://*.cartocdn.com https://basemaps.cartocdn.com". The policy is report-only, so the violation has been logged but no further action has been taken. @ https://www.googletagmanager.com/gtag/js?id=G-7YSFCGRL5E:222
[    4921ms] [INFO] Connecting to 'https://www.google-analytics.com/g/collect?v=2&tid=G-7YSFCGRL5E&gtm=45je65t1v889893537za200zd889893537&_p=1780366059061&gcd=13l3l3l3l1l1&npa=0&dma=0&_eu=AAAAAAQ&are=1&cid=481124722.1779996233&frm=0&pscdl=noapi&rcb=6&sr=2560x1080&uaa=x86&uab=64&uafvl=Chromium%3B148.0.7778.181%7CGoogle%2520Chrome%3B148.0.7778.181%7CNot%252FA)Brand%3B99.0.0.0&uam=&uamb=0&uap=Windows&uapv=19.0.0&uaw=0&ul=en-gb&_s=1&tag_exp=0~115616986~115938466~115938469~117776794~118012008~119027222&sid=1780366059&sct=3&seg=0&dl=https%3A%2F%2Fhubss-website-git-staging-based-agency.vercel.app%2Fcatalogue&dt=Catalogue%202026%20%E2%80%94%20HUB%20Surface%20Systems%20%7C%20HUB%20Surface%20Systems&en=page_view&_ss=1&_ee=1&tfd=4916' violates the following Content Security Policy directive: "connect-src 'self' https://api.resend.com https://*.crisp.chat wss://*.crisp.chat https://*.vercel-insights.com https://va.vercel-scripts.com https://*.cartocdn.com https://basemaps.cartocdn.com". The policy is report-only, so the violation has been logged but no further action has been taken. @ https://www.googletagmanager.com/gtag/js?id=G-7YSFCGRL5E:222
[    4931ms] [ERROR] The Content Security Policy directive 'upgrade-insecure-requests' is ignored when delivered in a report-only policy. @ https://vercel.live/_next-live/feedback/feedback.js:1
[    4949ms] [ERROR] Framing 'https://vercel.live/' violates the following report-only Content Security Policy directive: "frame-src 'self' https://client.crisp.chat https://www.youtube.com https://www.youtube-nocookie.com". The violation has been logged, but no further action has been taken.
 @ https://vercel.live/:0
[    5071ms] [ERROR] Framing 'https://vercel.live/' violates the following report-only Content Security Policy directive: "frame-src 'self' https://client.crisp.chat https://www.youtube.com https://www.youtube-nocookie.com". The violation has been logged, but no further action has been taken.
 @ https://vercel.live/:0
[    8970ms] [WARNING] The resource https://hubss-website-git-staging-based-agency.vercel.app/images/hub-logo-white.png was preloaded using link preload but not used within a few seconds from the window's load event. Please make sure it has an appropriate `as` value and it is preloaded intentionally. @ https://hubss-website-git-staging-based-agency.vercel.app/catalogue:0
[    8970ms] [WARNING] The resource https://hubss-website-git-staging-based-agency.vercel.app/images/hero/hero-1.jpg was preloaded using link preload but not used within a few seconds from the window's load event. Please make sure it has an appropriate `as` value and it is preloaded intentionally. @ https://hubss-website-git-staging-based-agency.vercel.app/catalogue:0
[    9954ms] [INFO] Connecting to 'https://www.google-analytics.com/g/collect?v=2&tid=G-7YSFCGRL5E&gtm=45je65t1v889893537za200zd889893537&_p=1780366059061&gcd=13l3l3l3l1l1&npa=0&dma=0&_eu=AEAAAAQ&ae=a&are=1&cid=481124722.1779996233&frm=0&pscdl=noapi&rcb=6&sr=2560x1080&uaa=x86&uab=64&uafvl=Chromium%3B148.0.7778.181%7CGoogle%2520Chrome%3B148.0.7778.181%7CNot%252FA)Brand%3B99.0.0.0&uam=&uamb=0&uap=Windows&uapv=19.0.0&uaw=0&ul=en-gb&_s=2&tag_exp=0~115616986~115938466~115938469~117776794~118012008~119027222&sid=1780366059&sct=3&seg=0&dl=https%3A%2F%2Fhubss-website-git-staging-based-agency.vercel.app%2Fcatalogue&dt=Catalogue%202026%20%E2%80%94%20HUB%20Surface%20Systems%20%7C%20HUB%20Surface%20Systems&en=scroll&epn.percent_scrolled=90&_et=26&tfd=9949' violates the following Content Security Policy directive: "connect-src 'self' https://api.resend.com https://*.crisp.chat wss://*.crisp.chat https://*.vercel-insights.com https://va.vercel-scripts.com https://*.cartocdn.com https://basemaps.cartocdn.com". The policy is report-only, so the violation has been logged but no further action has been taken. @ https://www.googletagmanager.com/gtag/js?id=G-7YSFCGRL5E:222
[    9954ms] [INFO] Connecting to 'https://www.google-analytics.com/g/collect?v=2&tid=G-7YSFCGRL5E&gtm=45je65t1v889893537za200zd889893537&_p=1780366059061&gcd=13l3l3l3l1l1&npa=0&dma=0&_eu=AEAAAAQ&ae=a&are=1&cid=481124722.1779996233&frm=0&pscdl=noapi&rcb=6&sr=2560x1080&uaa=x86&uab=64&uafvl=Chromium%3B148.0.7778.181%7CGoogle%2520Chrome%3B148.0.7778.181%7CNot%252FA)Brand%3B99.0.0.0&uam=&uamb=0&uap=Windows&uapv=19.0.0&uaw=0&ul=en-gb&_s=2&tag_exp=0~115616986~115938466~115938469~117776794~118012008~119027222&sid=1780366059&sct=3&seg=0&dl=https%3A%2F%2Fhubss-website-git-staging-based-agency.vercel.app%2Fcatalogue&dt=Catalogue%202026%20%E2%80%94%20HUB%20Surface%20Systems%20%7C%20HUB%20Surface%20Systems&en=scroll&epn.percent_scrolled=90&_et=26&tfd=9949' violates the following Content Security Policy directive: "connect-src 'self' https://api.resend.com https://*.crisp.chat wss://*.crisp.chat https://*.vercel-insights.com https://va.vercel-scripts.com https://*.cartocdn.com https://basemaps.cartocdn.com". The policy is report-only, so the violation has been logged but no further action has been taken. @ https://www.googletagmanager.com/gtag/js?id=G-7YSFCGRL5E:222
[   12984ms] [WARNING] The resource https://hubss-website-git-staging-based-agency.vercel.app/images/hub-logo-white.png was preloaded using link preload but not used within a few seconds from the window's load event. Please make sure it has an appropriate `as` value and it is preloaded intentionally. @ https://hubss-website-git-staging-based-agency.vercel.app/catalogue:0
[   12984ms] [WARNING] The resource https://hubss-website-git-staging-based-agency.vercel.app/images/hero/hero-1.jpg was preloaded using link preload but not used within a few seconds from the window's load event. Please make sure it has an appropriate `as` value and it is preloaded intentionally. @ https://hubss-website-git-staging-based-agency.vercel.app/catalogue:0
[   69618ms] [WARNING] The resource https://hubss-website-git-staging-based-agency.vercel.app/images/hub-logo-white.png was preloaded using link preload but not used within a few seconds from the window's load event. Please make sure it has an appropriate `as` value and it is preloaded intentionally. @ https://hubss-website-git-staging-based-agency.vercel.app/catalogue:0
[   69618ms] [WARNING] The resource https://hubss-website-git-staging-based-agency.vercel.app/images/hero/hero-1.jpg was preloaded using link preload but not used within a few seconds from the window's load event. Please make sure it has an appropriate `as` value and it is preloaded intentionally. @ https://hubss-website-git-staging-based-agency.vercel.app/catalogue:0
[  110676ms] Uncaught TypeError: d.closest is not a function
    at l (https://vercel.live/_next-live/feedback/feedback.js:1:48870)
    at eval (:4:13)
    at eval (:3:49)
    at evaluate (:303:15)
    at <anonymous> (:0:43)
[  110677ms] Uncaught TypeError: d.closest is not a function
    at l (https://vercel.live/_next-live/feedback/feedback.js:1:48870)
    at eval (:4:13)
    at eval (:3:49)
    at evaluate (:303:15)
    at <anonymous> (:0:43)
[  110677ms] Uncaught TypeError: d.closest is not a function
    at l (https://vercel.live/_next-live/feedback/feedback.js:1:48870)
    at eval (:4:13)
    at eval (:3:49)
    at evaluate (:303:15)
    at <anonymous> (:0:43)
[  110677ms] Uncaught TypeError: d.closest is not a function
    at l (https://vercel.live/_next-live/feedback/feedback.js:1:48870)
    at eval (:4:13)
    at eval (:3:49)
    at evaluate (:303:15)
    at <anonymous> (:0:43)
[  110677ms] Uncaught TypeError: d.closest is not a function
    at l (https://vercel.live/_next-live/feedback/feedback.js:1:48870)
    at eval (:4:13)
    at eval (:3:49)
    at evaluate (:303:15)
    at <anonymous> (:0:43)
[  150557ms] Uncaught TypeError: d.closest is not a function
    at l (https://vercel.live/_next-live/feedback/feedback.js:1:48870)
    at eval (:2:11)
    at eval (:3:49)
    at evaluate (:303:15)
    at <anonymous> (:0:43)
[  150557ms] Uncaught TypeError: d.closest is not a function
    at l (https://vercel.live/_next-live/feedback/feedback.js:1:48870)
    at eval (:2:11)
    at eval (:3:49)
    at evaluate (:303:15)
    at <anonymous> (:0:43)
[  150558ms] Uncaught TypeError: d.closest is not a function
    at l (https://vercel.live/_next-live/feedback/feedback.js:1:48870)
    at eval (:2:11)
    at eval (:3:49)
    at evaluate (:303:15)
    at <anonymous> (:0:43)
[  150558ms] Uncaught TypeError: d.closest is not a function
    at l (https://vercel.live/_next-live/feedback/feedback.js:1:48870)
    at eval (:2:11)
    at eval (:3:49)
    at evaluate (:303:15)
    at <anonymous> (:0:43)
[  154316ms] [WARNING] The resource https://hubss-website-git-staging-based-agency.vercel.app/images/hub-logo-white.png was preloaded using link preload but not used within a few seconds from the window's load event. Please make sure it has an appropriate `as` value and it is preloaded intentionally. @ https://hubss-website-git-staging-based-agency.vercel.app/catalogue:0
[  154316ms] [WARNING] The resource https://hubss-website-git-staging-based-agency.vercel.app/images/hero/hero-1.jpg was preloaded using link preload but not used within a few seconds from the window's load event. Please make sure it has an appropriate `as` value and it is preloaded intentionally. @ https://hubss-website-git-staging-based-agency.vercel.app/catalogue:0
[  173386ms] Uncaught TypeError: d.closest is not a function
    at l (https://vercel.live/_next-live/feedback/feedback.js:1:48870)
    at eval (:3:11)
    at eval (:3:49)
    at evaluate (:303:15)
    at <anonymous> (:0:43)
[  173387ms] Uncaught TypeError: d.closest is not a function
    at l (https://vercel.live/_next-live/feedback/feedback.js:1:48870)
    at eval (:3:11)
    at eval (:3:49)
    at evaluate (:303:15)
    at <anonymous> (:0:43)
[  173387ms] Uncaught TypeError: d.closest is not a function
    at l (https://vercel.live/_next-live/feedback/feedback.js:1:48870)
    at eval (:3:11)
    at eval (:3:49)
    at evaluate (:303:15)
    at <anonymous> (:0:43)
[  173387ms] Uncaught TypeError: d.closest is not a function
    at l (https://vercel.live/_next-live/feedback/feedback.js:1:48870)
    at eval (:3:11)
    at eval (:3:49)
    at evaluate (:303:15)
    at <anonymous> (:0:43)
[  173387ms] Uncaught TypeError: d.closest is not a function
    at l (https://vercel.live/_next-live/feedback/feedback.js:1:48870)
    at eval (:3:11)
    at eval (:3:49)
    at evaluate (:303:15)
    at <anonymous> (:0:43)
[  173387ms] Uncaught TypeError: d.closest is not a function
    at l (https://vercel.live/_next-live/feedback/feedback.js:1:48870)
    at eval (:3:11)
    at eval (:3:49)
    at evaluate (:303:15)
    at <anonymous> (:0:43)
[  173387ms] Uncaught TypeError: d.closest is not a function
    at l (https://vercel.live/_next-live/feedback/feedback.js:1:48870)
    at eval (:3:11)
    at eval (:3:49)
    at evaluate (:303:15)
    at <anonymous> (:0:43)
[  173387ms] Uncaught TypeError: d.closest is not a function
    at l (https://vercel.live/_next-live/feedback/feedback.js:1:48870)
    at eval (:3:11)
    at eval (:3:49)
    at evaluate (:303:15)
    at <anonymous> (:0:43)
[  173387ms] Uncaught TypeError: d.closest is not a function
    at l (https://vercel.live/_next-live/feedback/feedback.js:1:48870)
    at eval (:3:11)
    at eval (:3:49)
    at evaluate (:303:15)
    at <anonymous> (:0:43)
[  173387ms] Uncaught TypeError: d.closest is not a function
    at l (https://vercel.live/_next-live/feedback/feedback.js:1:48870)
    at eval (:3:11)
    at eval (:3:49)
    at evaluate (:303:15)
    at <anonymous> (:0:43)
[  173387ms] Uncaught TypeError: d.closest is not a function
    at l (https://vercel.live/_next-live/feedback/feedback.js:1:48870)
    at eval (:3:11)
    at eval (:3:49)
    at evaluate (:303:15)
    at <anonymous> (:0:43)
[  173387ms] Uncaught TypeError: d.closest is not a function
    at l (https://vercel.live/_next-live/feedback/feedback.js:1:48870)
    at eval (:3:11)
    at eval (:3:49)
    at evaluate (:303:15)
    at <anonymous> (:0:43)
[  173387ms] Uncaught TypeError: d.closest is not a function
    at l (https://vercel.live/_next-live/feedback/feedback.js:1:48870)
    at eval (:3:11)
    at eval (:3:49)
    at evaluate (:303:15)
    at <anonymous> (:0:43)
[  173387ms] Uncaught TypeError: d.closest is not a function
    at l (https://vercel.live/_next-live/feedback/feedback.js:1:48870)
    at eval (:3:11)
    at eval (:3:49)
    at evaluate (:303:15)
    at <anonymous> (:0:43)
[  173388ms] Uncaught TypeError: d.closest is not a function
    at l (https://vercel.live/_next-live/feedback/feedback.js:1:48870)
    at eval (:3:11)
    at eval (:3:49)
    at evaluate (:303:15)
    at <anonymous> (:0:43)
[  173388ms] Uncaught TypeError: d.closest is not a function
    at l (https://vercel.live/_next-live/feedback/feedback.js:1:48870)
    at eval (:3:11)
    at eval (:3:49)
    at evaluate (:303:15)
    at <anonymous> (:0:43)
[  173388ms] Uncaught TypeError: d.closest is not a function
    at l (https://vercel.live/_next-live/feedback/feedback.js:1:48870)
    at eval (:3:11)
    at eval (:3:49)
    at evaluate (:303:15)
    at <anonymous> (:0:43)
[  173388ms] Uncaught TypeError: d.closest is not a function
    at l (https://vercel.live/_next-live/feedback/feedback.js:1:48870)
    at eval (:3:11)
    at eval (:3:49)
    at evaluate (:303:15)
    at <anonymous> (:0:43)
[  173388ms] Uncaught TypeError: d.closest is not a function
    at l (https://vercel.live/_next-live/feedback/feedback.js:1:48870)
    at eval (:3:11)
    at eval (:3:49)
    at evaluate (:303:15)
    at <anonymous> (:0:43)
[  173388ms] Uncaught TypeError: d.closest is not a function
    at l (https://vercel.live/_next-live/feedback/feedback.js:1:48870)
    at eval (:3:11)
    at eval (:3:49)
    at evaluate (:303:15)
    at <anonymous> (:0:43)
[  173388ms] Uncaught TypeError: d.closest is not a function
    at l (https://vercel.live/_next-live/feedback/feedback.js:1:48870)
    at eval (:3:11)
    at eval (:3:49)
    at evaluate (:303:15)
    at <anonymous> (:0:43)
[  173388ms] Uncaught TypeError: d.closest is not a function
    at l (https://vercel.live/_next-live/feedback/feedback.js:1:48870)
    at eval (:3:11)
    at eval (:3:49)
    at evaluate (:303:15)
    at <anonymous> (:0:43)
[  173388ms] Uncaught TypeError: d.closest is not a function
    at l (https://vercel.live/_next-live/feedback/feedback.js:1:48870)
    at eval (:3:11)
    at eval (:3:49)
    at evaluate (:303:15)
    at <anonymous> (:0:43)
[  173388ms] Uncaught TypeError: d.closest is not a function
    at l (https://vercel.live/_next-live/feedback/feedback.js:1:48870)
    at eval (:3:11)
    at eval (:3:49)
    at evaluate (:303:15)
    at <anonymous> (:0:43)
[  173389ms] Uncaught TypeError: d.closest is not a function
    at l (https://vercel.live/_next-live/feedback/feedback.js:1:48870)
    at eval (:3:11)
    at eval (:3:49)
    at evaluate (:303:15)
    at <anonymous> (:0:43)
[  173389ms] Uncaught TypeError: d.closest is not a function
    at l (https://vercel.live/_next-live/feedback/feedback.js:1:48870)
    at eval (:3:11)
    at eval (:3:49)
    at evaluate (:303:15)
    at <anonymous> (:0:43)
[  173389ms] Uncaught TypeError: d.closest is not a function
    at l (https://vercel.live/_next-live/feedback/feedback.js:1:48870)
    at eval (:3:11)
    at eval (:3:49)
    at evaluate (:303:15)
    at <anonymous> (:0:43)
[  173389ms] Uncaught TypeError: d.closest is not a function
    at l (https://vercel.live/_next-live/feedback/feedback.js:1:48870)
    at eval (:3:11)
    at eval (:3:49)
    at evaluate (:303:15)
    at <anonymous> (:0:43)
[  173389ms] Uncaught TypeError: d.closest is not a function
    at l (https://vercel.live/_next-live/feedback/feedback.js:1:48870)
    at eval (:3:11)
    at eval (:3:49)
    at evaluate (:303:15)
    at <anonymous> (:0:43)
[  173390ms] Uncaught TypeError: d.closest is not a function
    at l (https://vercel.live/_next-live/feedback/feedback.js:1:48870)
    at eval (:3:11)
    at eval (:3:49)
    at evaluate (:303:15)
    at <anonymous> (:0:43)
[  173390ms] Uncaught TypeError: d.closest is not a function
    at l (https://vercel.live/_next-live/feedback/feedback.js:1:48870)
    at eval (:3:11)
    at eval (:3:49)
    at evaluate (:303:15)
    at <anonymous> (:0:43)
[  173390ms] Uncaught TypeError: d.closest is not a function
    at l (https://vercel.live/_next-live/feedback/feedback.js:1:48870)
    at eval (:3:11)
    at eval (:3:49)
    at evaluate (:303:15)
    at <anonymous> (:0:43)
[  173390ms] Uncaught TypeError: d.closest is not a function
    at l (https://vercel.live/_next-live/feedback/feedback.js:1:48870)
    at eval (:3:11)
    at eval (:3:49)
    at evaluate (:303:15)
    at <anonymous> (:0:43)
[  173390ms] Uncaught TypeError: d.closest is not a function
    at l (https://vercel.live/_next-live/feedback/feedback.js:1:48870)
    at eval (:3:11)
    at eval (:3:49)
    at evaluate (:303:15)
    at <anonymous> (:0:43)
[  173390ms] Uncaught TypeError: d.closest is not a function
    at l (https://vercel.live/_next-live/feedback/feedback.js:1:48870)
    at eval (:3:11)
    at eval (:3:49)
    at evaluate (:303:15)
    at <anonymous> (:0:43)
[  173390ms] Uncaught TypeError: d.closest is not a function
    at l (https://vercel.live/_next-live/feedback/feedback.js:1:48870)
    at eval (:3:11)
    at eval (:3:49)
    at evaluate (:303:15)
    at <anonymous> (:0:43)
[  173390ms] Uncaught TypeError: d.closest is not a function
    at l (https://vercel.live/_next-live/feedback/feedback.js:1:48870)
    at eval (:3:11)
    at eval (:3:49)
    at evaluate (:303:15)
    at <anonymous> (:0:43)
[  173390ms] Uncaught TypeError: d.closest is not a function
    at l (https://vercel.live/_next-live/feedback/feedback.js:1:48870)
    at eval (:3:11)
    at eval (:3:49)
    at evaluate (:303:15)
    at <anonymous> (:0:43)
[  173390ms] Uncaught TypeError: d.closest is not a function
    at l (https://vercel.live/_next-live/feedback/feedback.js:1:48870)
    at eval (:3:11)
    at eval (:3:49)
    at evaluate (:303:15)
    at <anonymous> (:0:43)
[  173390ms] Uncaught TypeError: d.closest is not a function
    at l (https://vercel.live/_next-live/feedback/feedback.js:1:48870)
    at eval (:3:11)
    at eval (:3:49)
    at evaluate (:303:15)
    at <anonymous> (:0:43)
[  173390ms] Uncaught TypeError: d.closest is not a function
    at l (https://vercel.live/_next-live/feedback/feedback.js:1:48870)
    at eval (:3:11)
    at eval (:3:49)
    at evaluate (:303:15)
    at <anonymous> (:0:43)
[  173390ms] Uncaught TypeError: d.closest is not a function
    at l (https://vercel.live/_next-live/feedback/feedback.js:1:48870)
    at eval (:3:11)
    at eval (:3:49)
    at evaluate (:303:15)
    at <anonymous> (:0:43)
[  173390ms] Uncaught TypeError: d.closest is not a function
    at l (https://vercel.live/_next-live/feedback/feedback.js:1:48870)
    at eval (:3:11)
    at eval (:3:49)
    at evaluate (:303:15)
    at <anonymous> (:0:43)
[  173391ms] Uncaught TypeError: d.closest is not a function
    at l (https://vercel.live/_next-live/feedback/feedback.js:1:48870)
    at eval (:3:11)
    at eval (:3:49)
    at evaluate (:303:15)
    at <anonymous> (:0:43)
[  173391ms] Uncaught TypeError: d.closest is not a function
    at l (https://vercel.live/_next-live/feedback/feedback.js:1:48870)
    at eval (:3:11)
    at eval (:3:49)
    at evaluate (:303:15)
    at <anonymous> (:0:43)
[  173391ms] Uncaught TypeError: d.closest is not a function
    at l (https://vercel.live/_next-live/feedback/feedback.js:1:48870)
    at eval (:3:11)
    at eval (:3:49)
    at evaluate (:303:15)
    at <anonymous> (:0:43)
[  173391ms] Uncaught TypeError: d.closest is not a function
    at l (https://vercel.live/_next-live/feedback/feedback.js:1:48870)
    at eval (:3:11)
    at eval (:3:49)
    at evaluate (:303:15)
    at <anonymous> (:0:43)
[  173391ms] Uncaught TypeError: d.closest is not a function
    at l (https://vercel.live/_next-live/feedback/feedback.js:1:48870)
    at eval (:3:11)
    at eval (:3:49)
    at evaluate (:303:15)
    at <anonymous> (:0:43)
[  173391ms] Uncaught TypeError: d.closest is not a function
    at l (https://vercel.live/_next-live/feedback/feedback.js:1:48870)
    at eval (:3:11)
    at eval (:3:49)
    at evaluate (:303:15)
    at <anonymous> (:0:43)
[  173391ms] Uncaught TypeError: d.closest is not a function
    at l (https://vercel.live/_next-live/feedback/feedback.js:1:48870)
    at eval (:3:11)
    at eval (:3:49)
    at evaluate (:303:15)
    at <anonymous> (:0:43)
[  177130ms] [WARNING] The resource https://hubss-website-git-staging-based-agency.vercel.app/images/hub-logo-white.png was preloaded using link preload but not used within a few seconds from the window's load event. Please make sure it has an appropriate `as` value and it is preloaded intentionally. @ https://hubss-website-git-staging-based-agency.vercel.app/catalogue:0
[  177130ms] [WARNING] The resource https://hubss-website-git-staging-based-agency.vercel.app/images/hero/hero-1.jpg was preloaded using link preload but not used within a few seconds from the window's load event. Please make sure it has an appropriate `as` value and it is preloaded intentionally. @ https://hubss-website-git-staging-based-agency.vercel.app/catalogue:0
